
> daily-spark@0.0.0 build
> vite build

[36mvite v5.4.19 [32mbuilding for production...[36m[39m
transforming...
[32mΓ£ô[39m 1730 modules transformed.
rendering chunks...
computing gzip size...
[2mdist/[22m[32mregisterSW.js              [39m[1m[2m  0.13 kB[22m[1m[22m
[2mdist/[22m[32mmanifest.webmanifest       [39m[1m[2m  0.44 kB[22m[1m[22m
[2mdist/[22m[32mindex.html                 [39m[1m[2m  1.56 kB[22m[1m[22m[2m Γöé gzip:   0.61 kB[22m
[2mdist/[22m[35massets/index-BLtudXZW.css  [39m[1m[2m 64.22 kB[22m[1m[22m[2m Γöé gzip:  11.30 kB[22m
[2mdist/[22m[36massets/index-B-Dp4esJ.js   [39m[1m[2m392.96 kB[22m[1m[22m[2m Γöé gzip: 122.96 kB[22m
[32mΓ£ô built in 4.35s[39m

PWA v1.2.0
mode      generateSW
precache  13 entries (476.51 KiB)
files generated
  dist/sw.js
  dist/workbox-1d305bb8.js
